Γû▓ Next.js 16.1.6 (Turbopack)
- Environments: .env.local

node.exe : ΓÜá The "middleware" file 
convention is deprecated. Please use 
"proxy" instead. Learn more: https://
nextjs.org/docs/messages/middleware-t
o-proxy
At line:1 char:1
+ & "C:\Program 
Files\nodejs/node.exe" "C:\Program 
Files\nodejs/node_mo ...
+ ~~~~~~~~~~~~~~~~~~~~~~~~~~~~~~~~~~~
~~~~~~~~~~~~~~~~~~~~~~~~~~~~~~~~~~
    + CategoryInfo          : NotSpe 
   cified: (ΓÜá The "middle...lewar  
  e-to-proxy:String) [], RemoteExc   
 eption
    + FullyQualifiedErrorId : Native 
   CommandError
 
  Creating an optimized production build ...
Γ£ô Compiled successfully in 7.4s
  Running TypeScript ...
Failed to compile.

./components/auth/worker-login-form.t
sx:61:122
Type error: Property 'type' does not 
exist on type 'never'.

[0m [90m 59 |[39m             }
 [90m 60 |[39m
[31m[1m>[22m[39m[90m 61 |[39m  
           [36mconst[39m 
workerDeptType [33m=[39m [33mArray
[39m[33m.[39misArray(worker[33m.
[39mdepartments) [33m?[39m worker[
33m.[39mdepartments[[35m0[39m][33
m?[39m[33m.[39mtype [33m:[39m wo
rker[33m.[39mdepartments[33m?[39m
[33m.[39mtype[33m;[39m
 [90m    |[39m                     
                                     
                                     
                           
[31m[1m^[22m[39m
 [90m 62 |[39m
 [90m 63 |[39m             
[36mif[39m (workerDeptType 
[33m!==[39m department) {
 [90m 64 |[39m                 
[36mawait[39m supabase[33m.[39mau
th[33m.[39msignOut()[33m;[39m[0m
Next.js build worker exited with 
code: 1 and signal: null
